main.c:94:6:HAL_UART_RxCpltCallback	16	static
main.c:106:9:Has_Stopped	16	static
main.c:117:9:Is_Erase	16	static
main.c:128:6:Store_Temp_Command	12	static
main.c:136:6:Write_Commands_To_IC	16	static
main.c:157:9:Save_Commands_To_Eeprom	16	static
main.c:185:6:Erase_Eeprom_Addr	16	static
main.c:193:6:Write_Eeprom_Addr	16	static
main.c:201:6:Read_Eeprom_Data	16	static
main.c:224:6:Configuration_From_Eeprom	8	static
main.c:237:9:Erase_Eeprom_All	16	static
main.c:259:6:Send_Error_Via_Uart	8	static
main.c:263:6:Send_Success_Via_Uart	8	static
main.c:273:5:main	8	static
main.c:355:6:SystemClock_Config	112	static
main.c:402:13:MX_USART2_UART_Init	8	static
main.c:435:13:MX_DMA_Init	16	static
main.c:453:13:MX_GPIO_Init	48	static
main.c:491:6:Error_Handler	8	static,ignoring_inline_asm
