miim_library_nano.c:12:6:GPIO_SET_MDIO_MODE_INPUT	48	static
miim_library_nano.c:40:6:GPIO_SET_MDIO_MDC_MODE_INPUT	48	static
miim_library_nano.c:66:6:GPIO_SET_MODE_NORMAL	48	static
miim_library_nano.c:99:6:_MIIM_DRIVER_CLOCK_PULSE	8	static
miim_library_nano.c:106:6:_MIIM_DRIVER_START	16	static
miim_library_nano.c:121:6:_MIIM_DRIVER_OP_CODE_READ	8	static
miim_library_nano.c:129:6:_MIIM_DRIVER_OP_CODE_WRITE	8	static
miim_library_nano.c:137:6:_MIIM_DRIVER_PHY_REG_OUTPUT	24	static
miim_library_nano.c:159:6:_MIIM_DRIVER_TA_WRITE	8	static
miim_library_nano.c:164:6:_MIIM_DRIVER_TA_READ	8	static
miim_library_nano.c:173:6:_MIIM_DRIVER_WRITE_DATA	24	static
miim_library_nano.c:188:10:_MIIM_DRIVER_READ_DATA	16	static
miim_library_nano.c:205:6:MIIM_DRIVER_WRITE	24	static
miim_library_nano.c:237:10:MIIM_DRIVER_READ	32	static
