miim_library.c:12:6:GPIO_SET_MDIO_MODE_INPUT	48	static
miim_library.c:40:6:GPIO_SET_MDIO_MDC_MODE_INPUT	48	static
miim_library.c:67:6:GPIO_SET_MODE_NORMAL	48	static
miim_library.c:93:6:_MIIM_DRIVER_CLOCK_PULSE	8	static
miim_library.c:100:6:_MIIM_DRIVER_START	16	static
miim_library.c:115:6:_MIIM_DRIVER_OP_CODE_READ	8	static
miim_library.c:123:6:_MIIM_DRIVER_OP_CODE_WRITE	8	static
miim_library.c:131:6:_MIIM_DRIVER_PHY_REG_OUTPUT	24	static
miim_library.c:153:6:_MIIM_DRIVER_TA_WRITE	8	static
miim_library.c:158:6:_MIIM_DRIVER_TA_READ	8	static
miim_library.c:167:6:_MIIM_DRIVER_WRITE_DATA	24	static
miim_library.c:182:10:_MIIM_DRIVER_READ_DATA	16	static
miim_library.c:199:6:MIIM_DRIVER_WRITE	24	static
miim_library.c:231:10:MIIM_DRIVER_READ	32	static
